// Jest Snapshot v1, https://goo.gl/fbAQLP

exports[`FlightCard smoke and snapshot tests matches FlightCard snapshot 1`] = `
<DocumentFragment>
  <div>
    <div>
      <img
        src="https://logos.skyscnr.com/images/airlines/favicon/WZ.png"
      />
      <div>
        15:35

        <br />
        BUD
      </div>
      <br />
      <div>
        17:00

        <br />
        LTN
      </div>
      <br />
      <div>
        2h 25
        <br />
        Direct
      </div>
    </div>
    <div>
      <img
        src="https://logos.skyscnr.com/images/airlines/favicon/WZ.png"
      />
      <div>
        19:45

        <br />
        LTN
      </div>
      <br />
      <div>
        21:10

        <br />
        BUD
      </div>
      <br />
      <div>
        2h 25
        <br />
        Direct
      </div>
    </div>
    <br />
    Â£35
    <br />
    Wizzair.com
    <br />
    <button>
      Select
    </button>
    <hr />
  </div>
</DocumentFragment>
`;
